../Core/Src/main.c:97:5:main	8	static
../Core/Src/main.c:168:6:SystemClock_Config	88	static
../Core/Src/main.c:215:13:MX_SPI3_Init	8	static
../Core/Src/main.c:255:13:MX_USART2_UART_Init	8	static
../Core/Src/main.c:301:13:MX_DMA_Init	16	static
../Core/Src/main.c:323:13:MX_GPIO_Init	48	static
../Core/Src/main.c:372:6:SPITxRx_Setup	8	static
../Core/Src/main.c:379:6:SPITxRx_readIO	8	static
../Core/Src/main.c:390:6:SPITxRx_WriteIO	8	static
../Core/Src/main.c:400:6:SPITxRx_RSP	8	static
../Core/Src/main.c:435:6:UARTConfig	8	static
../Core/Src/main.c:440:6:UARTTxRoutine	24	static
../Core/Src/main.c:454:6:HAL_SPI_TxRxCpltCallback	16	static
../Core/Src/main.c:458:6:HAL_UART_RxCpltCallback	16	static
../Core/Src/main.c:468:6:Error_Handler	4	static,ignoring_inline_asm
